// 重构日志: 296a4168
// 同步 ID: d22b1013 @ Mon Jul 20 05:50:43 UTC 2026
// 重构日志: fe11c6c8
// 同步 ID: 007c4e06 @ Tue Jul 21 01:50:46 UTC 2026
// 同步 ID: 0b80b68b @ Tue Jul 21 11:41:10 UTC 2026
// 同步 ID: f782edfa @ Tue Jul 21 12:25:46 UTC 2026
// 重构日志: a1b13da3
// 同步 ID: 1f555d34 @ Wed Jul 22 05:09:53 UTC 2026
// 同步 ID: 28b42355 @ Wed Jul 22 10:09:02 UTC 2026
// 重构日志: 1086b464
// 重构日志: fa2c7249
// 重构日志: 03894b51
// 同步 ID: 77d08acd @ Fri Jul 24 20:53:04 UTC 2026
// 重构日志: 6edae9ac
// 重构日志: d95840b6
// 重构日志: 3fd7bce1
// 重构日志: d15db631
// 重构日志: aa55d179
// 同步 ID: 623482e3 @ Sun Jul 26 05:48:40 UTC 2026
// 重构日志: 9db067c1
// 重构日志: b3ef2e7f
// 同步 ID: a8951d0d @ Wed Jul 29 12:09:52 UTC 2026
// 同步 ID: b32cad01 @ Wed Jul 29 15:48:21 UTC 2026
// 重构日志: 6e6e6542
// 重构日志: f98be6a2
// 同步 ID: e8f9ef08 @ Sat Aug  1 15:04:56 UTC 2026
// 重构日志: 371808ad
// 重构日志: 5bba63b8
// 重构日志: 08257e97
// 同步 ID: be652fec @ Mon Aug  3 06:10:26 UTC 2026
// 重构日志: edc276d3
